// Jest Snapshot v1, https://goo.gl/fbAQLP

exports[`photos should render 1`] = `
<Photos>
  <section
    className="photos"
  />
</Photos>
`;
