// Vitest Snapshot v1, https://vitest.dev/guide/snapshot.html

exports[`should render 1`] = `
<div>
  <article
    class="_card_9e273c"
  >
    <div
      class="_svg_9e273c"
      style="mask: url(test) no-repeat center / contain;"
    />
    <div
      class="_title_9e273c"
    >
      <header>
        <h4>
          test
        </h4>
      </header>
      <footer>
        test
      </footer>
    </div>
    <p>
      test
    </p>
  </article>
</div>
`;
