// Jest Snapshot v1, https://goo.gl/fbAQLP

exports[`should render 1`] = `
<div>
  <p
    class="paragraph"
  >
    <span
      class="icon"
    >
      <svg
        class="lucide lucide-moon"
        fill="none"
        height="24"
        role="img"
        stroke="currentColor"
        stroke-linecap="round"
        stroke-linejoin="round"
        stroke-width="2"
        viewBox="0 0 24 24"
        width="24"
        xmlns="http://www.w3.org/2000/svg"
      >
        <path
          d="M21 12.79A9 9 0 1 1 11.21 3 7 7 0 0 0 21 12.79z"
        />
      </svg>
    </span>
    <span
      class="content"
    >
      TEST
    </span>
  </p>
</div>
`;
