// Jest Snapshot v1, https://goo.gl/fbAQLP

exports[`homepage should render 1`] = `ShallowWrapper {}`;
