// Jest Snapshot v1, https://goo.gl/fbAQLP

exports[`posts should navigate to post content 1`] = `
<Posts>
  <section>
    <PostsTile
      id="portfolio-site-design"
      key="portfolio-site-design"
      post={
        Object {
          "content": "
Lorem ipsum dolor sit amet, consectetur adipiscing elit. Nam et ornare massa, vitae sagittis eros. Ut luctus risus ante, vel sollicitudin enim suscipit eget. Nam ac ipsum gravida, blandit dolor eget, eleifend ex. Aenean magna nibh, ultricies non erat ut, tempus congue nisi. Nunc felis elit, ornare a dictum in, elementum tincidunt justo. In aliquam vulputate odio, vel vestibulum enim fermentum et. Etiam eu aliquet leo.

\`\`\`tsx
const Component: FC = ({children}) => {
    return <div className={'test'}>
        {children}
    </div>
}
\`\`\`\`

Maecenas sagittis erat ut risus porttitor condimentum. Proin ut arcu nisl. Suspendisse maximus sodales luctus. Quisque accumsan pharetra purus id scelerisque. Nunc nunc nisi, suscipit quis fringilla in, hendrerit dignissim arcu. Sed turpis diam, malesuada ac metus ac, aliquam vulputate ante. Vestibulum ante ipsum primis in faucibus orci luctus et ultrices posuere cubilia curae; Maecenas sed ante fermentum, volutpat tellus eu, fringilla metus. Ut in mi ut leo aliquet dignissim in vitae mauris. Nam elementum lacus eu elit suscipit, eget blandit orci semper. Sed pretium dolor non varius placerat. Vestibulum non faucibus arcu, in consectetur ante. Nulla facilisi.

\`\`\`json
{
    'attribute1': ['a', 'b', 'c'],
    'attribute2': true,
    'attribute3': 12345
}
\`\`\`

Integer eget venenatis dui. Ut tellus orci, consequat vel aliquam vitae, condimentum in orci. Etiam volutpat bibendum lacinia. Aenean suscipit auctor magna ut pharetra. Duis nec lacus vel dui scelerisque finibus. Nam et fringilla ipsum, eget tempor dolor. Suspendisse et tristique lectus, sed blandit leo. Phasellus lacus ligula, tristique scelerisque augue id, finibus egestas enim. Aenean suscipit augue at ultricies venenatis. Vivamus imperdiet orci a dui rutrum hendrerit. Cras eget fringilla magna. In pellentesque erat nisl, non ullamcorper massa commodo sit amet. Etiam placerat id risus eget mollis. Curabitur commodo, urna eget fermentum aliquet, neque est blandit purus, eu gravida mi neque non augue.
",
          "data": Object {
            "date": 2021-05-31T00:00:00.000Z,
            "description": "Frameworks, structure, tradeoffs, and my development, testing, build, and deploy process.",
            "key": "portfolio-site-design",
            "title": "Portfolio site approach and design",
          },
          "excerpt": "",
          "isEmpty": false,
        }
      }
    >
      <Card
        onClick={[Function]}
        primary="Portfolio site approach and design"
        secondary="Mon May 31 2021"
        tertiary="Frameworks, structure, tradeoffs, and my development, testing, build, and deploy process."
      >
        <article
          className="card card_clickable"
          onClick={[Function]}
        >
          <header>
            <h4>
              Portfolio site approach and design
            </h4>
          </header>
          <footer>
            Mon May 31 2021
          </footer>
          <p>
            Frameworks, structure, tradeoffs, and my development, testing, build, and deploy process.
          </p>
        </article>
      </Card>
    </PostsTile>
    <PostsTile
      id="test-markdown"
      key="test-markdown"
      post={
        Object {
          "content": "
Second Test Markdown
===

Second test markdown.
",
          "data": Object {
            "date": 2022-01-11T00:00:00.000Z,
            "description": "Test markdown file.",
            "key": "test-markdown",
            "title": "Test Markdown File",
          },
          "excerpt": "",
          "isEmpty": false,
        }
      }
    >
      <Card
        onClick={[Function]}
        primary="Test Markdown File"
        secondary="Tue Jan 11 2022"
        tertiary="Test markdown file."
      >
        <article
          className="card card_clickable"
          onClick={[Function]}
        >
          <header>
            <h4>
              Test Markdown File
            </h4>
          </header>
          <footer>
            Tue Jan 11 2022
          </footer>
          <p>
            Test markdown file.
          </p>
        </article>
      </Card>
    </PostsTile>
  </section>
</Posts>
`;

exports[`posts should render 1`] = `
<Posts>
  <section>
    <PostsTile
      id="portfolio-site-design"
      key="portfolio-site-design"
      post={
        Object {
          "content": "
Lorem ipsum dolor sit amet, consectetur adipiscing elit. Nam et ornare massa, vitae sagittis eros. Ut luctus risus ante, vel sollicitudin enim suscipit eget. Nam ac ipsum gravida, blandit dolor eget, eleifend ex. Aenean magna nibh, ultricies non erat ut, tempus congue nisi. Nunc felis elit, ornare a dictum in, elementum tincidunt justo. In aliquam vulputate odio, vel vestibulum enim fermentum et. Etiam eu aliquet leo.

\`\`\`tsx
const Component: FC = ({children}) => {
    return <div className={'test'}>
        {children}
    </div>
}
\`\`\`\`

Maecenas sagittis erat ut risus porttitor condimentum. Proin ut arcu nisl. Suspendisse maximus sodales luctus. Quisque accumsan pharetra purus id scelerisque. Nunc nunc nisi, suscipit quis fringilla in, hendrerit dignissim arcu. Sed turpis diam, malesuada ac metus ac, aliquam vulputate ante. Vestibulum ante ipsum primis in faucibus orci luctus et ultrices posuere cubilia curae; Maecenas sed ante fermentum, volutpat tellus eu, fringilla metus. Ut in mi ut leo aliquet dignissim in vitae mauris. Nam elementum lacus eu elit suscipit, eget blandit orci semper. Sed pretium dolor non varius placerat. Vestibulum non faucibus arcu, in consectetur ante. Nulla facilisi.

\`\`\`json
{
    'attribute1': ['a', 'b', 'c'],
    'attribute2': true,
    'attribute3': 12345
}
\`\`\`

Integer eget venenatis dui. Ut tellus orci, consequat vel aliquam vitae, condimentum in orci. Etiam volutpat bibendum lacinia. Aenean suscipit auctor magna ut pharetra. Duis nec lacus vel dui scelerisque finibus. Nam et fringilla ipsum, eget tempor dolor. Suspendisse et tristique lectus, sed blandit leo. Phasellus lacus ligula, tristique scelerisque augue id, finibus egestas enim. Aenean suscipit augue at ultricies venenatis. Vivamus imperdiet orci a dui rutrum hendrerit. Cras eget fringilla magna. In pellentesque erat nisl, non ullamcorper massa commodo sit amet. Etiam placerat id risus eget mollis. Curabitur commodo, urna eget fermentum aliquet, neque est blandit purus, eu gravida mi neque non augue.
",
          "data": Object {
            "date": 2021-05-31T00:00:00.000Z,
            "description": "Frameworks, structure, tradeoffs, and my development, testing, build, and deploy process.",
            "key": "portfolio-site-design",
            "title": "Portfolio site approach and design",
          },
          "excerpt": "",
          "isEmpty": false,
        }
      }
    >
      <Card
        onClick={[Function]}
        primary="Portfolio site approach and design"
        secondary="Mon May 31 2021"
        tertiary="Frameworks, structure, tradeoffs, and my development, testing, build, and deploy process."
      >
        <article
          className="card card_clickable"
          onClick={[Function]}
        >
          <header>
            <h4>
              Portfolio site approach and design
            </h4>
          </header>
          <footer>
            Mon May 31 2021
          </footer>
          <p>
            Frameworks, structure, tradeoffs, and my development, testing, build, and deploy process.
          </p>
        </article>
      </Card>
    </PostsTile>
    <PostsTile
      id="test-markdown"
      key="test-markdown"
      post={
        Object {
          "content": "
Second Test Markdown
===

Second test markdown.
",
          "data": Object {
            "date": 2022-01-11T00:00:00.000Z,
            "description": "Test markdown file.",
            "key": "test-markdown",
            "title": "Test Markdown File",
          },
          "excerpt": "",
          "isEmpty": false,
        }
      }
    >
      <Card
        onClick={[Function]}
        primary="Test Markdown File"
        secondary="Tue Jan 11 2022"
        tertiary="Test markdown file."
      >
        <article
          className="card card_clickable"
          onClick={[Function]}
        >
          <header>
            <h4>
              Test Markdown File
            </h4>
          </header>
          <footer>
            Tue Jan 11 2022
          </footer>
          <p>
            Test markdown file.
          </p>
        </article>
      </Card>
    </PostsTile>
  </section>
</Posts>
`;
