// Jest Snapshot v1, https://goo.gl/fbAQLP

exports[`should render 1`] = `
<div>
  <article
    class="card card_clickable"
  >
    <header>
      <h4>
        test
      </h4>
    </header>
    <footer>
      Invalid Date
    </footer>
    <p>
      test
    </p>
  </article>
</div>
`;
