// Jest Snapshot v1, https://goo.gl/fbAQLP

exports[`spinner should render 1`] = `ShallowWrapper {}`;
